// Jest Snapshot v1, https://goo.gl/fbAQLP

exports[`<Button /> should render component 1`] = `
<div>
  <button
    class="px-4 py-2 text-base bg-pink-600 text-white rounded w-full transition hover:opacity-80 disabled:opacity-70 disabled:cursor-not-allowed"
  />
</div>
`;
